I'm sorry, but errors were detected in your script. Please correct the
errors listed below, and try again.


File "game/Jorge.rpy", line 4: invalid syntax
    export Jorge
            ^

Ren'Py Version: Ren'Py 8.3.2.24090902
Wed Oct 30 10:39:28 2024
